==============================================================================
Suites                                                                        
==============================================================================
Suites.AlertHandlingDemo                                                      
==============================================================================
TestAlert                                                             | PASS |
------------------------------------------------------------------------------
Suites.AlertHandlingDemo                                              | PASS |
1 critical test, 1 passed, 0 failed
1 test total, 1 passed, 0 failed
==============================================================================
Suites                                                                | PASS |
1 critical test, 1 passed, 0 failed
1 test total, 1 passed, 0 failed
==============================================================================
Output:  E:\Softwares\My PC Apps\Robot Framework\Workspace\LearnRobotFramework\Tests\paralleltestcases\target\pabot_results\0\output.xml
