==============================================================================
Suites                                                                        
==============================================================================
Suites.BrowserNavigationDemo                                                  
==============================================================================
TestBrowserNavigation                                                 https://www.google.com/
https://www.bing.com/
https://www.google.com/
| PASS |
------------------------------------------------------------------------------
Suites.BrowserNavigationDemo                                          | PASS |
1 critical test, 1 passed, 0 failed
1 test total, 1 passed, 0 failed
==============================================================================
Suites                                                                | PASS |
1 critical test, 1 passed, 0 failed
1 test total, 1 passed, 0 failed
==============================================================================
Output:  E:\Softwares\My PC Apps\Robot Framework\Workspace\LearnRobotFramework\Tests\paralleltestcases\target\pabot_results\1\output.xml
